Debugger listening on ws://127.0.0.1:9229/797e1147-1601-4898-8dc6-df59fba7dc00
For help, see: https://nodejs.org/en/docs/inspector
Wed, 19 Nov 2025 19:41:06 GMT express:application set "x-powered-by" to true
Wed, 19 Nov 2025 19:41:06 GMT express:application set "etag" to 'weak'
Wed, 19 Nov 2025 19:41:06 GMT express:application set "etag fn" to [Function: generateETag]
Wed, 19 Nov 2025 19:41:06 GMT express:application set "env" to 'development'
Wed, 19 Nov 2025 19:41:06 GMT express:application set "query parser" to 'extended'
Wed, 19 Nov 2025 19:41:06 GMT express:application set "query parser fn" to [Function: parseExtendedQueryString]
Wed, 19 Nov 2025 19:41:06 GMT express:application set "subdomain offset" to 2
Wed, 19 Nov 2025 19:41:06 GMT express:application set "trust proxy" to false
Wed, 19 Nov 2025 19:41:06 GMT express:application set "trust proxy fn" to [Function: trustNone]
Wed, 19 Nov 2025 19:41:06 GMT express:application booting in development mode
Wed, 19 Nov 2025 19:41:06 GMT express:application set "view" to [Function: View]
Wed, 19 Nov 2025 19:41:06 GMT express:application set "views" to 'C:\\Users\\Антон\\film-react-nest\\backend\\views'
Wed, 19 Nov 2025 19:41:06 GMT express:application set "jsonp callback name" to 'callback'
Wed, 19 Nov 2025 19:41:06 GMT express:router use '/' query
Wed, 19 Nov 2025 19:41:06 GMT express:router:layer new '/'
Wed, 19 Nov 2025 19:41:06 GMT express:router use '/' expressInit
Wed, 19 Nov 2025 19:41:06 GMT express:router:layer new '/'
Wed, 19 Nov 2025 19:41:06 GMT express:router use '/' corsMiddleware
Wed, 19 Nov 2025 19:41:06 GMT express:router:layer new '/'
Wed, 19 Nov 2025 19:41:06 GMT express:router use '/' jsonParser
Wed, 19 Nov 2025 19:41:06 GMT express:router:layer new '/'
Wed, 19 Nov 2025 19:41:06 GMT express:router use '/' urlencodedParser
Wed, 19 Nov 2025 19:41:06 GMT express:router:layer new '/'
Wed, 19 Nov 2025 19:41:06 GMT express:router:route new '/api/afisha/films'
Wed, 19 Nov 2025 19:41:06 GMT express:router:layer new '/api/afisha/films'
Wed, 19 Nov 2025 19:41:06 GMT express:router:route get '/api/afisha/films'
Wed, 19 Nov 2025 19:41:06 GMT express:router:layer new '/'
Wed, 19 Nov 2025 19:41:06 GMT express:router:route new '/api/afisha/films/:id/schedule'
Wed, 19 Nov 2025 19:41:06 GMT express:router:layer new '/api/afisha/films/:id/schedule'
Wed, 19 Nov 2025 19:41:06 GMT express:router:route get '/api/afisha/films/:id/schedule'
Wed, 19 Nov 2025 19:41:06 GMT express:router:layer new '/'
Wed, 19 Nov 2025 19:41:06 GMT express:router:route new '/api/afisha/order'
Wed, 19 Nov 2025 19:41:06 GMT express:router:layer new '/api/afisha/order'
Wed, 19 Nov 2025 19:41:06 GMT express:router:route post '/api/afisha/order'
Wed, 19 Nov 2025 19:41:06 GMT express:router:layer new '/'
Wed, 19 Nov 2025 19:41:06 GMT express:router use '/content/afisha' serveStatic
Wed, 19 Nov 2025 19:41:06 GMT express:router:layer new '/content/afisha'
Wed, 19 Nov 2025 19:41:06 GMT express:router:route new '/content/afisha/*'
Wed, 19 Nov 2025 19:41:06 GMT express:router:layer new '/content/afisha/*'
Wed, 19 Nov 2025 19:41:06 GMT express:router:route get '/content/afisha/*'
Wed, 19 Nov 2025 19:41:06 GMT express:router:layer new '/'
Wed, 19 Nov 2025 19:41:06 GMT express:router use '/' <anonymous>
Wed, 19 Nov 2025 19:41:06 GMT express:router:layer new '/'
Wed, 19 Nov 2025 19:41:06 GMT express:router use '/' <anonymous>
Wed, 19 Nov 2025 19:41:06 GMT express:router:layer new '/'
Wed, 19 Nov 2025 19:41:17 GMT express:router dispatching GET /api/afisha/films/92b8a2a7-ab6b-4fa9-915b-d27945865e39/schedule
Wed, 19 Nov 2025 19:41:17 GMT express:router query  : /api/afisha/films/92b8a2a7-ab6b-4fa9-915b-d27945865e39/schedule
Wed, 19 Nov 2025 19:41:17 GMT express:router expressInit  : /api/afisha/films/92b8a2a7-ab6b-4fa9-915b-d27945865e39/schedule
Wed, 19 Nov 2025 19:41:17 GMT express:router corsMiddleware  : /api/afisha/films/92b8a2a7-ab6b-4fa9-915b-d27945865e39/schedule
Wed, 19 Nov 2025 19:41:17 GMT express:router jsonParser  : /api/afisha/films/92b8a2a7-ab6b-4fa9-915b-d27945865e39/schedule
Wed, 19 Nov 2025 19:41:17 GMT body-parser:json skip empty body
Wed, 19 Nov 2025 19:41:17 GMT express:router urlencodedParser  : /api/afisha/films/92b8a2a7-ab6b-4fa9-915b-d27945865e39/schedule
Wed, 19 Nov 2025 19:41:17 GMT body-parser:urlencoded skip empty body
[31m[Nest] 10712  - [39m19.11.2025, 22:41:17 [31m  ERROR[39m [38;5;3m[ExceptionsHandler] [39m[31mPath collision at schedule[39m
MongoServerError: Path collision at schedule
    at Connection.sendCommand (C:\Users\Антон\film-react-nest\backend\node_modules\mongodb\src\cmap\connection.ts:559:17)
    at process.processTicksAndRejections (node:internal/process/task_queues:105:5)
    at async Connection.command (C:\Users\Антон\film-react-nest\backend\node_modules\mongodb\src\cmap\connection.ts:633:22)
    at async Server.command (C:\Users\Антон\film-react-nest\backend\node_modules\mongodb\src\sdam\server.ts:350:21)
    at async tryOperation (C:\Users\Антон\film-react-nest\backend\node_modules\mongodb\src\operations\execute_operation.ts:289:24)
    at async executeOperation (C:\Users\Антон\film-react-nest\backend\node_modules\mongodb\src\operations\execute_operation.ts:119:12)
    at async FindCursor._initialize (C:\Users\Антон\film-react-nest\backend\node_modules\mongodb\src\cursor\find_cursor.ts:92:22)
    at async FindCursor.cursorInit (C:\Users\Антон\film-react-nest\backend\node_modules\mongodb\src\cursor\abstract_cursor.ts:949:21)
    at async FindCursor.fetchBatch (C:\Users\Антон\film-react-nest\backend\node_modules\mongodb\src\cursor\abstract_cursor.ts:987:7)
    at async FindCursor.next (C:\Users\Антон\film-react-nest\backend\node_modules\mongodb\src\cursor\abstract_cursor.ts:608:9)
Debugger listening on ws://127.0.0.1:9229/ae7bd4f3-6d8b-4b28-948f-03f807bb1f6c
For help, see: https://nodejs.org/en/docs/inspector
Wed, 19 Nov 2025 19:41:45 GMT express:application set "x-powered-by" to true
Wed, 19 Nov 2025 19:41:45 GMT express:application set "etag" to 'weak'
Wed, 19 Nov 2025 19:41:45 GMT express:application set "etag fn" to [Function: generateETag]
Wed, 19 Nov 2025 19:41:45 GMT express:application set "env" to 'development'
Wed, 19 Nov 2025 19:41:45 GMT express:application set "query parser" to 'extended'
Wed, 19 Nov 2025 19:41:45 GMT express:application set "query parser fn" to [Function: parseExtendedQueryString]
Wed, 19 Nov 2025 19:41:45 GMT express:application set "subdomain offset" to 2
Wed, 19 Nov 2025 19:41:45 GMT express:application set "trust proxy" to false
Wed, 19 Nov 2025 19:41:45 GMT express:application set "trust proxy fn" to [Function: trustNone]
Wed, 19 Nov 2025 19:41:45 GMT express:application booting in development mode
Wed, 19 Nov 2025 19:41:45 GMT express:application set "view" to [Function: View]
Wed, 19 Nov 2025 19:41:45 GMT express:application set "views" to 'C:\\Users\\Антон\\film-react-nest\\backend\\views'
Wed, 19 Nov 2025 19:41:45 GMT express:application set "jsonp callback name" to 'callback'
Wed, 19 Nov 2025 19:41:45 GMT express:router use '/' query
Wed, 19 Nov 2025 19:41:45 GMT express:router:layer new '/'
Wed, 19 Nov 2025 19:41:45 GMT express:router use '/' expressInit
Wed, 19 Nov 2025 19:41:45 GMT express:router:layer new '/'
Wed, 19 Nov 2025 19:41:45 GMT express:router use '/' corsMiddleware
Wed, 19 Nov 2025 19:41:45 GMT express:router:layer new '/'
Wed, 19 Nov 2025 19:41:45 GMT express:router use '/' jsonParser
Wed, 19 Nov 2025 19:41:45 GMT express:router:layer new '/'
Wed, 19 Nov 2025 19:41:45 GMT express:router use '/' urlencodedParser
Wed, 19 Nov 2025 19:41:45 GMT express:router:layer new '/'
Wed, 19 Nov 2025 19:41:45 GMT express:router:route new '/api/afisha/films'
Wed, 19 Nov 2025 19:41:45 GMT express:router:layer new '/api/afisha/films'
Wed, 19 Nov 2025 19:41:45 GMT express:router:route get '/api/afisha/films'
Wed, 19 Nov 2025 19:41:45 GMT express:router:layer new '/'
Wed, 19 Nov 2025 19:41:45 GMT express:router:route new '/api/afisha/films/:id/schedule'
Wed, 19 Nov 2025 19:41:45 GMT express:router:layer new '/api/afisha/films/:id/schedule'
Wed, 19 Nov 2025 19:41:45 GMT express:router:route get '/api/afisha/films/:id/schedule'
Wed, 19 Nov 2025 19:41:45 GMT express:router:layer new '/'
Wed, 19 Nov 2025 19:41:45 GMT express:router:route new '/api/afisha/order'
Wed, 19 Nov 2025 19:41:45 GMT express:router:layer new '/api/afisha/order'
Wed, 19 Nov 2025 19:41:45 GMT express:router:route post '/api/afisha/order'
Wed, 19 Nov 2025 19:41:45 GMT express:router:layer new '/'
Wed, 19 Nov 2025 19:41:45 GMT express:router use '/content/afisha' serveStatic
Wed, 19 Nov 2025 19:41:45 GMT express:router:layer new '/content/afisha'
Wed, 19 Nov 2025 19:41:45 GMT express:router:route new '/content/afisha/*'
Wed, 19 Nov 2025 19:41:45 GMT express:router:layer new '/content/afisha/*'
Wed, 19 Nov 2025 19:41:45 GMT express:router:route get '/content/afisha/*'
Wed, 19 Nov 2025 19:41:45 GMT express:router:layer new '/'
Wed, 19 Nov 2025 19:41:45 GMT express:router use '/' <anonymous>
Wed, 19 Nov 2025 19:41:45 GMT express:router:layer new '/'
Wed, 19 Nov 2025 19:41:45 GMT express:router use '/' <anonymous>
Wed, 19 Nov 2025 19:41:45 GMT express:router:layer new '/'
